// Jest Snapshot v1, https://goo.gl/fbAQLP

exports[`config/presets/local/index getPreset() forwards to custom github 1`] = `Array []`;

exports[`config/presets/local/index getPreset() forwards to custom github 2`] = `
Object {
  "resolved": "preset",
}
`;

exports[`config/presets/local/index getPreset() forwards to custom gitlab 1`] = `Array []`;

exports[`config/presets/local/index getPreset() forwards to custom gitlab 2`] = `
Object {
  "resolved": "preset",
}
`;

exports[`config/presets/local/index getPreset() forwards to github 1`] = `Array []`;

exports[`config/presets/local/index getPreset() forwards to github 2`] = `
Object {
  "resolved": "preset",
}
`;

exports[`config/presets/local/index getPreset() forwards to gitlab 1`] = `Array []`;

exports[`config/presets/local/index getPreset() forwards to gitlab 2`] = `
Object {
  "resolved": "preset",
}
`;
